---
source: src/tui/tests/authoring.rs
expression: s
---
"┌ Files (7) │ Annotations ─┐┌ src/alpha.rs [modified] 1/7  ●2 ─────────────────────────────────────┐"
"│M src/alpha.rs  +3 -2     ││▌ file-level: 1                                                       │"
"│M src/long.rs  +4 -2      ││ @@ -1,4 +1,5 @@ fn alpha() {                                         │"
"│M README.md  +1 -1        ││     1     1   use std::io;                                           │"
"│A src/new_module.rs  +3 -0││     2       - let x = 1;                                             │"
"│D old.txt  +0 -2          ││●          2 + let x = 2;                                             │"
"│A assets/logo.png  +0 -0  ││●          3 + let y = 3;                                             │"
"│R src/relocated.rs  +0 -0 ││     3     4   println!("{x}");                                       │"
"│                          ││     4     5   done                                                   │"
"│                          ││   ↕ 15 hidden lines — show more                                      │"
"│                          ││ @@ -20,2 +21,2 @@ fn beta() {                                        │"
"│                          ││    20    21   let beta = compute();                                  │"
"│                          ││    21       - old beta                                               │"
"│                          ││          22 + new beta                                               │"
"│                          ││                                                                      │"
"│                          ││                                                                      │"
"│                          ││                                                                      │"
"│                          ││                                                                      │"
"│                          ││                                                                      │"
"│                          ││                                                                      │"
"│                          ││                                                                      │"
"│                          ││                                                                      │"
"└──────────────────────────┘└──────────────────────────────────────────────────────────────────────┘"
" local vs main  ·  file 1/7  ·  +3 -2  ·  ● 2 (2 open)  ·  [tree] ALL  ? help  q quit               "
