---
source: src/tui/tests/authoring.rs
assertion_line: 449
expression: s
---
"┌ Files 7 │ Annotations 0 ─┐┌ src/alpha.rs [modified] 1/7 ─────────────────────────────────────────┐"
"│M src/alpha.rs  +3 -2     ││@@ -1,4 +1,5 @@ fn alpha() {                                          │"
"│M src/long.rs  +4 -2      ││    1     1   use std::io;                                            │"
"│M README.md  +1 -1        ││┌ Comment ───────────────────────────────────────────────────────────┐│"
"│A src/new_module.rs  +3 -0│││on src/alpha.rs  L1                                                 ││"
"│D old.txt  +0 -2          │││ suggestion   no tag                                                ││"
"│A assets/logo.png  +0 -0  │││-- INSERT --                                                        ││"
"│R src/relocated.rs  +0 -0 │││needs a guard here█                                                 ││"
"│                          │││                                                                    ││"
"│                          │││ save  (Ctrl-S)   cancel  (Esc → normal)  Ctrl-E severity  ·  Ctrl-T││"
"│                          ││└────────────────────────────────────────────────────────────────────┘│"
"│                          ││   20    21   let beta = compute();                                   │"
"│                          ││   21       - old beta                                                │"
"│                          ││         22 + new beta                                                │"
"│                          ││                                                                      │"
"│                          ││                                                                      │"
"│                          ││                                                                      │"
"│                          ││                                                                      │"
"│                          ││                                                                      │"
"│                          ││                                                                      │"
"│                          ││                                                                      │"
"│                          ││                                                                      │"
"└──────────────────────────┘└──────────────────────────────────────────────────────────────────────┘"
" local vs main  ·  file 1/7  ·  +3 -2  ·  [diff] ALL  ? help  q quit                                "
