---
source: src/tui/tests/rendering.rs
expression: screen(&term)
---
"┌ Files (7) │ Anno┌ Help ────────────────────────────────────────────────────────┐─────────────────┐"
"│M src/alpha.rs  +│Navigation                                                    │                 │"
"│M src/long.rs  +4│  j / k         move cursor (diff) / selection (tree)         │                 │"
"│M README.md  +1 -│  ctrl-d/u/f/b  half / full page down / up                    │                 │"
"│A src/new_module.│  g g / G       top / bottom (cursor in diff, first/last file)│                 │"
"│D old.txt  +0 -2 │  ]h / [h  } {  next / prev hunk                              │                 │"
"│A assets/logo.png│  J / K         next / prev file (from the diff pane)         │                 │"
"│R src/relocated.r│  5j  100G      a number prefixes a count                     │                 │"
"│                 │Focus                                                         │                 │"
"│                 │  Tab / l / h   toggle · tree → diff · diff → tree            │                 │"
"│                 │Annotations  (Space is the leader)                            │                 │"
"│                 │  Space a       annotations tab (all files) ↔ file tree       │                 │"
"│                 │  v / V  Esc    whole-line selection (diff) · clear           │                 │"
"│                 │  Space c c/f/r comment line/selection · file · reply         │                 │"
"│                 │  Space c e/d/s edit · delete (confirm y) · cycle status      │                 │"
"│                 │More                                                          │                 │"
"│                 │  Space t r     release the turn; first release approves      │                 │"
"│                 │  Space f       add any file · Space e    expand context      │                 │"
"│                 │  :             command palette                               │                 │"
"│                 │  ? q Ctrl-c    help · quit                                   │                 │"
"│                 │Mouse                                                         │                 │"
"│                 │  wheel scroll · click focus · drag select · dbl to comment   │                 │"
"└─────────────────│press ?, q, or Esc to close                                   │─────────────────┘"
" local vs main  · └──────────────────────────────────────────────────────────────┘                  "
