---
source: src/tui/tests/rendering.rs
expression: screen(&term)
---
"┌ Files (7) │ Annotations ─┐┌ src/alpha.rs [modified] 1/7 ─────────────────────────────────────────┐"
"│M src/alpha.rs  +3 -2     ││@@ -1,4 +1,5 @@ fn alpha() {                                          │"
"│M src/long.rs  +4┌ Help · TOP · j/k · ? close ──────────────────────────────────┐                 │"
"│M README.md  +1 -│mudpuppy — default keymap                                     │                 │"
"│A src/new_module.│                                                              │                 │"
"│D old.txt  +0 -2 │Navigation                                                    │                 │"
"│A assets/logo.png│  j / k         move cursor (diff) / selection (tree)         │                 │"
"│R src/relocated.r│  ctrl-d/u/f/b  half / full page down / up                    │                 │"
"│                 │  g g / G       top / bottom (cursor in diff, first/last file)│                 │"
"│                 │  ]h / [h  } {  next / prev hunk                              │                 │"
"│                 │  J / K         next / prev file (from the diff pane)         │                 │"
"│                 │  5j  100G      a number prefixes a count                     │                 │"
"│                 │                                                              │                 │"
"│                 │Focus                                                         │                 │"
"│                 │  Tab / l / h   toggle · tree → diff · diff → tree            │                 │"
"│                 │                                                              │                 │"
"│                 │Annotations  (Space is the leader)                            │                 │"
"│                 │  Space a       annotations tab (all files) ↔ file tree       │                 │"
"│                 │  v / V  Esc    whole-line selection (diff) · clear           │                 │"
"│                 │  Space c c/f/r comment line/selection · file · reply         │                 │"
"│                 │  Space c e/d/s edit · delete (confirm y) · cycle status      │                 │"
"│                 └──────────────────────────────────────────────────────────────┘                 │"
"└──────────────────────────┘└──────────────────────────────────────────────────────────────────────┘"
" local vs main  ·  file 1/7  ·  +3 -2  ·  [tree] ALL  ? help  q quit                                "
