---
source: src/tui/tests/annotations.rs
assertion_line: 82
expression: text
---
"┌ Files 7 │ Annotations 3 ─────────────┐┌ README.md [modified] 3/7  ●1 ────────────────────────────┐"
"│README.md                             ││ @@ -1,2 +1,2 @@                                          │"
"│● L1 user  open                       ││     1       - # Old Title                                │"
"│  body for rdm00003                   ││●          1 + # New Title                                │"
"│                                      ││ ▏ ● user [open] body for rdm00003                        │"
"│src/alpha.rs                          ││     2     2   intro line                                 │"
"│● L2 agent  open                      ││                                                          │"
"│  body for blk00001                   ││                                                          │"
"│● L4 user  open                       ││                                                          │"
"│  body for inf00002                   ││                                                          │"
"│                                      ││                                                          │"
"│                                      ││                                                          │"
"│                                      ││                                                          │"
"│                                      ││                                                          │"
"│                                      ││                                                          │"
"│                                      ││                                                          │"
"│                                      ││                                                          │"
"│                                      ││                                                          │"
"│                                      ││                                                          │"
"│                                      ││                                                          │"
"│                                      ││                                                          │"
"│                                      ││                                                          │"
"└──────────────────────────────────────┘└──────────────────────────────────────────────────────────┘"
" local vs main  ·  file 3/7  ·  +1 -1  ·  ● 3 (3 open)  ·  [tree] ALL  ? help  q quit               "
