---
source: src/tui.rs
expression: screen(&term)
---
"┌ Files (7) ──────┌ Help ────────────────────────────────────────────────────────┐─────────────────┐"
"│M src/alpha.rs  +│mudpuppy — diff viewer                                        │                 │"
"│M src/long.rs  +4│                                                              │                 │"
"│M README.md  +1 -│Navigation                                                    │                 │"
"│A src/new_module.│  j / k        down / up (scroll diff, move file selection)   │                 │"
"│D old.txt  +0 -2 │  Ctrl-d / -u  half page down / up                            │                 │"
"│A assets/logo.png│  Ctrl-f / -b  full page down / up                            │                 │"
"│R src/relocated.r│  g / G        top / bottom (or first / last file)            │                 │"
"│                 │  } / {        next / prev hunk   (also n / N)                │                 │"
"│                 │  J / K        next / prev file (from the diff pane)          │                 │"
"│                 │                                                              │                 │"
"│                 │Focus                                                         │                 │"
"│                 │  Tab          switch between file tree and diff              │                 │"
"│                 │  l / Enter    file tree → diff                               │                 │"
"│                 │  h            diff → file tree                               │                 │"
"│                 │                                                              │                 │"
"│                 │Annotations                                                   │                 │"
"│                 │  a            toggle the annotations panel                   │                 │"
"│                 │                                                              │                 │"
"│                 │Other                                                         │                 │"
"│                 │  ?            toggle this help                               │                 │"
"│                 │  q / Ctrl-c   quit                                           │                 │"
"└─────────────────│                                                              │─────────────────┘"
" local vs main  · └──────────────────────────────────────────────────────────────┘                  "
